------------------------------------------------------------
TimeQuest Timing Analyzer Summary
------------------------------------------------------------

Type  : Slow 1100mV 85C Model Setup 'SW[8]'
Slack : -29.102
TNS   : -1338.509

Type  : Slow 1100mV 85C Model Setup 'lpm_dff1:inst1|lpm_ff:lpm_ff_component|dffs[0]'
Slack : -18.951
TNS   : -953.170

Type  : Slow 1100mV 85C Model Setup 'dec_keyboard:inst11|f3'
Slack : -9.343
TNS   : -87.799

Type  : Slow 1100mV 85C Model Setup 'PS2_CLK'
Slack : -5.915
TNS   : -60.656

Type  : Slow 1100mV 85C Model Setup 'CLOCK_50'
Slack : -5.144
TNS   : -5581.973

Type  : Slow 1100mV 85C Model Setup 'clk_div:inst25|clock_1Khz_int'
Slack : -1.729
TNS   : -6.666

Type  : Slow 1100mV 85C Model Setup 'clk_div:inst25|clock_100hz_int'
Slack : -1.723
TNS   : -8.344

Type  : Slow 1100mV 85C Model Setup 'clk_div:inst25|clock_1KHz'
Slack : -1.661
TNS   : -3.992

Type  : Slow 1100mV 85C Model Setup 'clk_div:inst25|clock_1Mhz_int'
Slack : -1.612
TNS   : -7.561

Type  : Slow 1100mV 85C Model Setup 'clk_div:inst25|clock_100Khz_int'
Slack : -1.534
TNS   : -7.058

Type  : Slow 1100mV 85C Model Setup 'clk_div:inst25|clock_10Khz_int'
Slack : -1.415
TNS   : -8.724

Type  : Slow 1100mV 85C Model Setup 'clk_div:inst25|clock_10Hz_int'
Slack : -1.366
TNS   : -10.258

Type  : Slow 1100mV 85C Model Setup 'clk_div:inst25|clock_100KHz'
Slack : -1.137
TNS   : -3.754

Type  : Slow 1100mV 85C Model Hold 'clk_div:inst25|clock_100hz_int'
Slack : -0.114
TNS   : -0.114

Type  : Slow 1100mV 85C Model Hold 'clk_div:inst25|clock_10Khz_int'
Slack : -0.010
TNS   : -0.010

Type  : Slow 1100mV 85C Model Hold 'CLOCK_50'
Slack : 0.037
TNS   : 0.000

Type  : Slow 1100mV 85C Model Hold 'clk_div:inst25|clock_1Khz_int'
Slack : 0.143
TNS   : 0.000

Type  : Slow 1100mV 85C Model Hold 'lpm_dff1:inst1|lpm_ff:lpm_ff_component|dffs[0]'
Slack : 0.154
TNS   : 0.000

Type  : Slow 1100mV 85C Model Hold 'clk_div:inst25|clock_1Mhz_int'
Slack : 0.175
TNS   : 0.000

Type  : Slow 1100mV 85C Model Hold 'SW[8]'
Slack : 0.188
TNS   : 0.000

Type  : Slow 1100mV 85C Model Hold 'clk_div:inst25|clock_100Khz_int'
Slack : 0.224
TNS   : 0.000

Type  : Slow 1100mV 85C Model Hold 'PS2_CLK'
Slack : 0.295
TNS   : 0.000

Type  : Slow 1100mV 85C Model Hold 'clk_div:inst25|clock_1KHz'
Slack : 0.297
TNS   : 0.000

Type  : Slow 1100mV 85C Model Hold 'clk_div:inst25|clock_100KHz'
Slack : 0.647
TNS   : 0.000

Type  : Slow 1100mV 85C Model Hold 'dec_keyboard:inst11|f3'
Slack : 0.682
TNS   : 0.000

Type  : Slow 1100mV 85C Model Hold 'clk_div:inst25|clock_10Hz_int'
Slack : 0.713
TNS   : 0.000

Type  : Slow 1100mV 85C Model Recovery 'keyboard:inst14|ready_set'
Slack : -1.372
TNS   : -1.372

Type  : Slow 1100mV 85C Model Recovery 'keyboard:inst14|scan_ready'
Slack : -1.300
TNS   : -1.300

Type  : Slow 1100mV 85C Model Removal 'keyboard:inst14|ready_set'
Slack : 0.099
TNS   : 0.000

Type  : Slow 1100mV 85C Model Removal 'keyboard:inst14|scan_ready'
Slack : 0.712
TNS   : 0.000

Type  : Slow 1100mV 85C Model Minimum Pulse Width 'CLOCK_50'
Slack : -2.636
TNS   : -7123.304

Type  : Slow 1100mV 85C Model Minimum Pulse Width 'SW[8]'
Slack : -0.726
TNS   : -189.415

Type  : Slow 1100mV 85C Model Minimum Pulse Width 'PS2_CLK'
Slack : -0.594
TNS   : -21.687

Type  : Slow 1100mV 85C Model Minimum Pulse Width 'lpm_dff1:inst1|lpm_ff:lpm_ff_component|dffs[0]'
Slack : -0.546
TNS   : -131.795

Type  : Slow 1100mV 85C Model Minimum Pulse Width 'dec_keyboard:inst11|f3'
Slack : -0.538
TNS   : -8.448

Type  : Slow 1100mV 85C Model Minimum Pulse Width 'clk_div:inst25|clock_10Hz_int'
Slack : -0.538
TNS   : -6.274

Type  : Slow 1100mV 85C Model Minimum Pulse Width 'clk_div:inst25|clock_10Khz_int'
Slack : -0.538
TNS   : -5.503

Type  : Slow 1100mV 85C Model Minimum Pulse Width 'clk_div:inst25|clock_1Mhz_int'
Slack : -0.538
TNS   : -4.706

Type  : Slow 1100mV 85C Model Minimum Pulse Width 'clk_div:inst25|clock_100hz_int'
Slack : -0.538
TNS   : -4.698

Type  : Slow 1100mV 85C Model Minimum Pulse Width 'clk_div:inst25|clock_1Khz_int'
Slack : -0.538
TNS   : -4.002

Type  : Slow 1100mV 85C Model Minimum Pulse Width 'clk_div:inst25|clock_100KHz'
Slack : -0.538
TNS   : -3.920

Type  : Slow 1100mV 85C Model Minimum Pulse Width 'clk_div:inst25|clock_100Khz_int'
Slack : -0.538
TNS   : -3.849

Type  : Slow 1100mV 85C Model Minimum Pulse Width 'clk_div:inst25|clock_1KHz'
Slack : -0.538
TNS   : -2.856

Type  : Slow 1100mV 85C Model Minimum Pulse Width 'keyboard:inst14|ready_set'
Slack : -0.538
TNS   : -0.814

Type  : Slow 1100mV 85C Model Minimum Pulse Width 'keyboard:inst14|scan_ready'
Slack : -0.538
TNS   : -0.777

Type  : Slow 1100mV 0C Model Setup 'SW[8]'
Slack : -30.469
TNS   : -1340.666

Type  : Slow 1100mV 0C Model Setup 'lpm_dff1:inst1|lpm_ff:lpm_ff_component|dffs[0]'
Slack : -19.513
TNS   : -975.599

Type  : Slow 1100mV 0C Model Setup 'dec_keyboard:inst11|f3'
Slack : -9.352
TNS   : -88.372

Type  : Slow 1100mV 0C Model Setup 'PS2_CLK'
Slack : -5.998
TNS   : -58.899

Type  : Slow 1100mV 0C Model Setup 'CLOCK_50'
Slack : -4.763
TNS   : -5191.465

Type  : Slow 1100mV 0C Model Setup 'clk_div:inst25|clock_1Khz_int'
Slack : -1.811
TNS   : -6.788

Type  : Slow 1100mV 0C Model Setup 'clk_div:inst25|clock_100hz_int'
Slack : -1.771
TNS   : -8.519

Type  : Slow 1100mV 0C Model Setup 'clk_div:inst25|clock_1KHz'
Slack : -1.692
TNS   : -3.901

Type  : Slow 1100mV 0C Model Setup 'clk_div:inst25|clock_1Mhz_int'
Slack : -1.666
TNS   : -7.807

Type  : Slow 1100mV 0C Model Setup 'clk_div:inst25|clock_100Khz_int'
Slack : -1.584
TNS   : -7.333

Type  : Slow 1100mV 0C Model Setup 'clk_div:inst25|clock_10Hz_int'
Slack : -1.436
TNS   : -10.599

Type  : Slow 1100mV 0C Model Setup 'clk_div:inst25|clock_10Khz_int'
Slack : -1.410
TNS   : -8.595

Type  : Slow 1100mV 0C Model Setup 'clk_div:inst25|clock_100KHz'
Slack : -1.188
TNS   : -3.874

Type  : Slow 1100mV 0C Model Hold 'CLOCK_50'
Slack : -0.238
TNS   : -3.347

Type  : Slow 1100mV 0C Model Hold 'clk_div:inst25|clock_100hz_int'
Slack : 0.011
TNS   : 0.000

Type  : Slow 1100mV 0C Model Hold 'SW[8]'
Slack : 0.022
TNS   : 0.000

Type  : Slow 1100mV 0C Model Hold 'clk_div:inst25|clock_10Khz_int'
Slack : 0.050
TNS   : 0.000

Type  : Slow 1100mV 0C Model Hold 'lpm_dff1:inst1|lpm_ff:lpm_ff_component|dffs[0]'
Slack : 0.148
TNS   : 0.000

Type  : Slow 1100mV 0C Model Hold 'clk_div:inst25|clock_1Khz_int'
Slack : 0.194
TNS   : 0.000

Type  : Slow 1100mV 0C Model Hold 'clk_div:inst25|clock_1KHz'
Slack : 0.227
TNS   : 0.000

Type  : Slow 1100mV 0C Model Hold 'clk_div:inst25|clock_1Mhz_int'
Slack : 0.274
TNS   : 0.000

Type  : Slow 1100mV 0C Model Hold 'PS2_CLK'
Slack : 0.293
TNS   : 0.000

Type  : Slow 1100mV 0C Model Hold 'clk_div:inst25|clock_100Khz_int'
Slack : 0.368
TNS   : 0.000

Type  : Slow 1100mV 0C Model Hold 'clk_div:inst25|clock_100KHz'
Slack : 0.671
TNS   : 0.000

Type  : Slow 1100mV 0C Model Hold 'clk_div:inst25|clock_10Hz_int'
Slack : 0.703
TNS   : 0.000

Type  : Slow 1100mV 0C Model Hold 'dec_keyboard:inst11|f3'
Slack : 0.752
TNS   : 0.000

Type  : Slow 1100mV 0C Model Recovery 'keyboard:inst14|ready_set'
Slack : -1.409
TNS   : -1.409

Type  : Slow 1100mV 0C Model Recovery 'keyboard:inst14|scan_ready'
Slack : -1.240
TNS   : -1.240

Type  : Slow 1100mV 0C Model Removal 'keyboard:inst14|ready_set'
Slack : 0.135
TNS   : 0.000

Type  : Slow 1100mV 0C Model Removal 'keyboard:inst14|scan_ready'
Slack : 0.678
TNS   : 0.000

Type  : Slow 1100mV 0C Model Minimum Pulse Width 'CLOCK_50'
Slack : -2.636
TNS   : -7120.747

Type  : Slow 1100mV 0C Model Minimum Pulse Width 'SW[8]'
Slack : -0.754
TNS   : -193.022

Type  : Slow 1100mV 0C Model Minimum Pulse Width 'PS2_CLK'
Slack : -0.645
TNS   : -19.591

Type  : Slow 1100mV 0C Model Minimum Pulse Width 'lpm_dff1:inst1|lpm_ff:lpm_ff_component|dffs[0]'
Slack : -0.538
TNS   : -130.665

Type  : Slow 1100mV 0C Model Minimum Pulse Width 'dec_keyboard:inst11|f3'
Slack : -0.538
TNS   : -8.351

Type  : Slow 1100mV 0C Model Minimum Pulse Width 'clk_div:inst25|clock_10Hz_int'
Slack : -0.538
TNS   : -6.224

Type  : Slow 1100mV 0C Model Minimum Pulse Width 'clk_div:inst25|clock_10Khz_int'
Slack : -0.538
TNS   : -5.445

Type  : Slow 1100mV 0C Model Minimum Pulse Width 'clk_div:inst25|clock_1Mhz_int'
Slack : -0.538
TNS   : -4.668

Type  : Slow 1100mV 0C Model Minimum Pulse Width 'clk_div:inst25|clock_100hz_int'
Slack : -0.538
TNS   : -4.650

Type  : Slow 1100mV 0C Model Minimum Pulse Width 'clk_div:inst25|clock_1Khz_int'
Slack : -0.538
TNS   : -3.985

Type  : Slow 1100mV 0C Model Minimum Pulse Width 'clk_div:inst25|clock_100KHz'
Slack : -0.538
TNS   : -3.900

Type  : Slow 1100mV 0C Model Minimum Pulse Width 'clk_div:inst25|clock_100Khz_int'
Slack : -0.538
TNS   : -3.863

Type  : Slow 1100mV 0C Model Minimum Pulse Width 'clk_div:inst25|clock_1KHz'
Slack : -0.538
TNS   : -2.801

Type  : Slow 1100mV 0C Model Minimum Pulse Width 'keyboard:inst14|ready_set'
Slack : -0.538
TNS   : -0.810

Type  : Slow 1100mV 0C Model Minimum Pulse Width 'keyboard:inst14|scan_ready'
Slack : -0.538
TNS   : -0.773

Type  : Fast 1100mV 85C Model Setup 'SW[8]'
Slack : -13.632
TNS   : -632.487

Type  : Fast 1100mV 85C Model Setup 'lpm_dff1:inst1|lpm_ff:lpm_ff_component|dffs[0]'
Slack : -8.149
TNS   : -408.143

Type  : Fast 1100mV 85C Model Setup 'dec_keyboard:inst11|f3'
Slack : -4.246
TNS   : -39.751

Type  : Fast 1100mV 85C Model Setup 'PS2_CLK'
Slack : -2.777
TNS   : -21.327

Type  : Fast 1100mV 85C Model Setup 'CLOCK_50'
Slack : -2.766
TNS   : -2695.963

Type  : Fast 1100mV 85C Model Setup 'clk_div:inst25|clock_1Khz_int'
Slack : -0.818
TNS   : -2.167

Type  : Fast 1100mV 85C Model Setup 'clk_div:inst25|clock_1Mhz_int'
Slack : -0.633
TNS   : -2.017

Type  : Fast 1100mV 85C Model Setup 'clk_div:inst25|clock_10Khz_int'
Slack : -0.565
TNS   : -2.517

Type  : Fast 1100mV 85C Model Setup 'clk_div:inst25|clock_100Khz_int'
Slack : -0.552
TNS   : -2.095

Type  : Fast 1100mV 85C Model Setup 'clk_div:inst25|clock_100hz_int'
Slack : -0.551
TNS   : -2.276

Type  : Fast 1100mV 85C Model Setup 'clk_div:inst25|clock_1KHz'
Slack : -0.535
TNS   : -1.098

Type  : Fast 1100mV 85C Model Setup 'clk_div:inst25|clock_10Hz_int'
Slack : -0.348
TNS   : -2.407

Type  : Fast 1100mV 85C Model Setup 'clk_div:inst25|clock_100KHz'
Slack : -0.275
TNS   : -0.677

Type  : Fast 1100mV 85C Model Hold 'CLOCK_50'
Slack : -0.267
TNS   : -9.165

Type  : Fast 1100mV 85C Model Hold 'clk_div:inst25|clock_100hz_int'
Slack : -0.256
TNS   : -0.256

Type  : Fast 1100mV 85C Model Hold 'clk_div:inst25|clock_1KHz'
Slack : -0.247
TNS   : -0.696

Type  : Fast 1100mV 85C Model Hold 'clk_div:inst25|clock_10Khz_int'
Slack : -0.232
TNS   : -0.232

Type  : Fast 1100mV 85C Model Hold 'clk_div:inst25|clock_100Khz_int'
Slack : -0.160
TNS   : -0.160

Type  : Fast 1100mV 85C Model Hold 'clk_div:inst25|clock_1Khz_int'
Slack : -0.132
TNS   : -0.132

Type  : Fast 1100mV 85C Model Hold 'clk_div:inst25|clock_1Mhz_int'
Slack : -0.120
TNS   : -0.120

Type  : Fast 1100mV 85C Model Hold 'lpm_dff1:inst1|lpm_ff:lpm_ff_component|dffs[0]'
Slack : -0.083
TNS   : -0.205

Type  : Fast 1100mV 85C Model Hold 'SW[8]'
Slack : -0.033
TNS   : -0.062

Type  : Fast 1100mV 85C Model Hold 'dec_keyboard:inst11|f3'
Slack : 0.177
TNS   : 0.000

Type  : Fast 1100mV 85C Model Hold 'PS2_CLK'
Slack : 0.181
TNS   : 0.000

Type  : Fast 1100mV 85C Model Hold 'clk_div:inst25|clock_100KHz'
Slack : 0.222
TNS   : 0.000

Type  : Fast 1100mV 85C Model Hold 'clk_div:inst25|clock_10Hz_int'
Slack : 0.322
TNS   : 0.000

Type  : Fast 1100mV 85C Model Recovery 'keyboard:inst14|ready_set'
Slack : -1.002
TNS   : -1.002

Type  : Fast 1100mV 85C Model Recovery 'keyboard:inst14|scan_ready'
Slack : -0.385
TNS   : -0.385

Type  : Fast 1100mV 85C Model Removal 'keyboard:inst14|ready_set'
Slack : -0.050
TNS   : -0.050

Type  : Fast 1100mV 85C Model Removal 'keyboard:inst14|scan_ready'
Slack : 0.164
TNS   : 0.000

Type  : Fast 1100mV 85C Model Minimum Pulse Width 'CLOCK_50'
Slack : -2.174
TNS   : -5840.191

Type  : Fast 1100mV 85C Model Minimum Pulse Width 'SW[8]'
Slack : -0.847
TNS   : -192.580

Type  : Fast 1100mV 85C Model Minimum Pulse Width 'PS2_CLK'
Slack : -0.691
TNS   : -15.523

Type  : Fast 1100mV 85C Model Minimum Pulse Width 'lpm_dff1:inst1|lpm_ff:lpm_ff_component|dffs[0]'
Slack : -0.177
TNS   : -10.349

Type  : Fast 1100mV 85C Model Minimum Pulse Width 'clk_div:inst25|clock_1KHz'
Slack : -0.069
TNS   : -0.205

Type  : Fast 1100mV 85C Model Minimum Pulse Width 'dec_keyboard:inst11|f3'
Slack : -0.016
TNS   : -0.078

Type  : Fast 1100mV 85C Model Minimum Pulse Width 'keyboard:inst14|ready_set'
Slack : 0.047
TNS   : 0.000

Type  : Fast 1100mV 85C Model Minimum Pulse Width 'clk_div:inst25|clock_1Khz_int'
Slack : 0.100
TNS   : 0.000

Type  : Fast 1100mV 85C Model Minimum Pulse Width 'clk_div:inst25|clock_100Khz_int'
Slack : 0.127
TNS   : 0.000

Type  : Fast 1100mV 85C Model Minimum Pulse Width 'clk_div:inst25|clock_10Hz_int'
Slack : 0.142
TNS   : 0.000

Type  : Fast 1100mV 85C Model Minimum Pulse Width 'clk_div:inst25|clock_1Mhz_int'
Slack : 0.142
TNS   : 0.000

Type  : Fast 1100mV 85C Model Minimum Pulse Width 'clk_div:inst25|clock_10Khz_int'
Slack : 0.148
TNS   : 0.000

Type  : Fast 1100mV 85C Model Minimum Pulse Width 'keyboard:inst14|scan_ready'
Slack : 0.148
TNS   : 0.000

Type  : Fast 1100mV 85C Model Minimum Pulse Width 'clk_div:inst25|clock_100KHz'
Slack : 0.154
TNS   : 0.000

Type  : Fast 1100mV 85C Model Minimum Pulse Width 'clk_div:inst25|clock_100hz_int'
Slack : 0.154
TNS   : 0.000

Type  : Fast 1100mV 0C Model Setup 'SW[8]'
Slack : -12.689
TNS   : -564.417

Type  : Fast 1100mV 0C Model Setup 'lpm_dff1:inst1|lpm_ff:lpm_ff_component|dffs[0]'
Slack : -7.567
TNS   : -373.375

Type  : Fast 1100mV 0C Model Setup 'dec_keyboard:inst11|f3'
Slack : -4.047
TNS   : -38.162

Type  : Fast 1100mV 0C Model Setup 'PS2_CLK'
Slack : -2.675
TNS   : -17.688

Type  : Fast 1100mV 0C Model Setup 'CLOCK_50'
Slack : -2.508
TNS   : -2343.613

Type  : Fast 1100mV 0C Model Setup 'clk_div:inst25|clock_1Khz_int'
Slack : -0.745
TNS   : -1.843

Type  : Fast 1100mV 0C Model Setup 'clk_div:inst25|clock_1Mhz_int'
Slack : -0.604
TNS   : -1.745

Type  : Fast 1100mV 0C Model Setup 'clk_div:inst25|clock_100Khz_int'
Slack : -0.536
TNS   : -1.854

Type  : Fast 1100mV 0C Model Setup 'clk_div:inst25|clock_10Khz_int'
Slack : -0.533
TNS   : -2.081

Type  : Fast 1100mV 0C Model Setup 'clk_div:inst25|clock_100hz_int'
Slack : -0.472
TNS   : -1.923

Type  : Fast 1100mV 0C Model Setup 'clk_div:inst25|clock_1KHz'
Slack : -0.461
TNS   : -0.850

Type  : Fast 1100mV 0C Model Setup 'clk_div:inst25|clock_10Hz_int'
Slack : -0.299
TNS   : -2.031

Type  : Fast 1100mV 0C Model Setup 'clk_div:inst25|clock_100KHz'
Slack : -0.222
TNS   : -0.497

Type  : Fast 1100mV 0C Model Hold 'CLOCK_50'
Slack : -0.358
TNS   : -66.757

Type  : Fast 1100mV 0C Model Hold 'clk_div:inst25|clock_1KHz'
Slack : -0.265
TNS   : -0.782

Type  : Fast 1100mV 0C Model Hold 'clk_div:inst25|clock_100hz_int'
Slack : -0.235
TNS   : -0.235

Type  : Fast 1100mV 0C Model Hold 'clk_div:inst25|clock_10Khz_int'
Slack : -0.231
TNS   : -0.231

Type  : Fast 1100mV 0C Model Hold 'clk_div:inst25|clock_1Khz_int'
Slack : -0.145
TNS   : -0.145

Type  : Fast 1100mV 0C Model Hold 'clk_div:inst25|clock_100Khz_int'
Slack : -0.139
TNS   : -0.139

Type  : Fast 1100mV 0C Model Hold 'SW[8]'
Slack : -0.130
TNS   : -1.487

Type  : Fast 1100mV 0C Model Hold 'clk_div:inst25|clock_1Mhz_int'
Slack : -0.123
TNS   : -0.123

Type  : Fast 1100mV 0C Model Hold 'lpm_dff1:inst1|lpm_ff:lpm_ff_component|dffs[0]'
Slack : -0.117
TNS   : -0.317

Type  : Fast 1100mV 0C Model Hold 'dec_keyboard:inst11|f3'
Slack : 0.167
TNS   : 0.000

Type  : Fast 1100mV 0C Model Hold 'PS2_CLK'
Slack : 0.172
TNS   : 0.000

Type  : Fast 1100mV 0C Model Hold 'clk_div:inst25|clock_100KHz'
Slack : 0.202
TNS   : 0.000

Type  : Fast 1100mV 0C Model Hold 'clk_div:inst25|clock_10Hz_int'
Slack : 0.288
TNS   : 0.000

Type  : Fast 1100mV 0C Model Recovery 'keyboard:inst14|ready_set'
Slack : -0.863
TNS   : -0.863

Type  : Fast 1100mV 0C Model Recovery 'keyboard:inst14|scan_ready'
Slack : -0.308
TNS   : -0.308

Type  : Fast 1100mV 0C Model Removal 'keyboard:inst14|ready_set'
Slack : -0.063
TNS   : -0.063

Type  : Fast 1100mV 0C Model Removal 'keyboard:inst14|scan_ready'
Slack : 0.103
TNS   : 0.000

Type  : Fast 1100mV 0C Model Minimum Pulse Width 'CLOCK_50'
Slack : -2.174
TNS   : -5943.184

Type  : Fast 1100mV 0C Model Minimum Pulse Width 'SW[8]'
Slack : -0.853
TNS   : -199.282

Type  : Fast 1100mV 0C Model Minimum Pulse Width 'PS2_CLK'
Slack : -0.736
TNS   : -17.233

Type  : Fast 1100mV 0C Model Minimum Pulse Width 'lpm_dff1:inst1|lpm_ff:lpm_ff_component|dffs[0]'
Slack : -0.111
TNS   : -5.347

Type  : Fast 1100mV 0C Model Minimum Pulse Width 'clk_div:inst25|clock_1KHz'
Slack : -0.018
TNS   : -0.052

Type  : Fast 1100mV 0C Model Minimum Pulse Width 'dec_keyboard:inst11|f3'
Slack : 0.027
TNS   : 0.000

Type  : Fast 1100mV 0C Model Minimum Pulse Width 'keyboard:inst14|ready_set'
Slack : 0.066
TNS   : 0.000

Type  : Fast 1100mV 0C Model Minimum Pulse Width 'clk_div:inst25|clock_1Khz_int'
Slack : 0.112
TNS   : 0.000

Type  : Fast 1100mV 0C Model Minimum Pulse Width 'clk_div:inst25|clock_100Khz_int'
Slack : 0.128
TNS   : 0.000

Type  : Fast 1100mV 0C Model Minimum Pulse Width 'clk_div:inst25|clock_10Hz_int'
Slack : 0.146
TNS   : 0.000

Type  : Fast 1100mV 0C Model Minimum Pulse Width 'clk_div:inst25|clock_1Mhz_int'
Slack : 0.148
TNS   : 0.000

Type  : Fast 1100mV 0C Model Minimum Pulse Width 'clk_div:inst25|clock_10Khz_int'
Slack : 0.155
TNS   : 0.000

Type  : Fast 1100mV 0C Model Minimum Pulse Width 'keyboard:inst14|scan_ready'
Slack : 0.155
TNS   : 0.000

Type  : Fast 1100mV 0C Model Minimum Pulse Width 'clk_div:inst25|clock_100KHz'
Slack : 0.157
TNS   : 0.000

Type  : Fast 1100mV 0C Model Minimum Pulse Width 'clk_div:inst25|clock_100hz_int'
Slack : 0.158
TNS   : 0.000

------------------------------------------------------------
